\BOOKMARK [1][-]{section.1}{\376\377\000G\000i\036\333\000i\000\040\000t\000h\000i\036\307\000u\000\040\000t\036\325\000n\000g\000\040\000q\000u\000a\000n\000\040\001\021\036\301\000\040\000t\000\340\000i}{}% 1
\BOOKMARK [2][-]{subsection.1.1}{\376\377\000G\000i\036\333\000i\000\040\000t\000h\000i\036\307\000u\000\040\001\021\036\301\000\040\000t\000\340\000i}{section.1}% 2
\BOOKMARK [3][-]{subsubsection.1.1.1}{\376\377\000L\000\375\000\040\000d\000o\000\040\000c\000h\036\315\000n\000\040\001\021\036\301\000\040\000t\000\340\000i}{subsection.1.1}% 3
\BOOKMARK [2][-]{subsection.1.2}{\376\377\000M\036\345\000c\000\040\000t\000i\000\352\000u\000\040\000t\000h\036\361\000c\000\040\000h\000i\036\307\000n\000\040\001\021\036\301\000\040\000t\000\340\000i}{section.1}% 4
\BOOKMARK [3][-]{subsubsection.1.2.1}{\376\377\000T\036\325\000n\000g\000\040\000q\000u\000a\000n\000\040\000h\036\307\000\040\000t\000h\036\321\000n\000g\000\040\001\021\036\301\000\040\000x\000u\036\245\000t}{subsection.1.2}% 5
\BOOKMARK [2][-]{subsection.1.3}{\376\377\000L\036\343\000i\000\040\000\355\000c\000h\000\040\000c\036\347\000a\000\040\001\021\036\301\000\040\000t\000\340\000i\000\040\000m\000a\000n\000g\000\040\000l\036\241\000i}{section.1}% 6
\BOOKMARK [3][-]{subsubsection.1.3.1}{\376\377\000X\000\342\000y\000\040\000d\036\361\000n\000g\000\040\000h\036\307\000\040\000t\000h\036\321\000n\000g\000\040\000q\000u\036\243\000n\000\040\000l\000\375\000\040\000t\000h\001\260\000\040\000v\000i\036\307\000n\000\040\000t\000r\036\361\000c\000\040\000t\000u\000y\036\277\000n\000\040\000h\000i\036\307\000n\000\040\001\021\036\241\000i}{subsection.1.3}% 7
\BOOKMARK [3][-]{subsubsection.1.3.2}{\376\377\000H\036\327\000\040\000t\000r\036\343\000\040\000h\000i\036\307\000u\000\040\000q\000u\036\243\000\040\000c\000h\000o\000\040\000c\000\364\000n\000g\000\040\000t\000\341\000c\000\040\000q\000u\036\243\000n\000\040\000l\000\375\000\040\000t\000h\001\260\000\040\000v\000i\036\307\000n}{subsection.1.3}% 8
\BOOKMARK [3][-]{subsubsection.1.3.3}{\376\377\000T\036\321\000i\000\040\001\260\000u\000\040\000h\000\363\000a\000\040\000v\000i\036\307\000c\000\040\000k\000h\000a\000i\000\040\000t\000h\000\341\000c\000\040\000t\000\340\000i\000\040\000l\000i\036\307\000u\000\040\000c\036\347\000a\000\040\000b\036\241\000n\000\040\001\021\036\315\000c}{subsection.1.3}% 9
\BOOKMARK [3][-]{subsubsection.1.3.4}{\376\377\000N\000\342\000n\000g\000\040\000c\000a\000o\000\040\000t\000r\036\243\000i\000\040\000n\000g\000h\000i\036\307\000m\000\040\000t\001\260\001\241\000n\000g\000\040\000t\000\341\000c\000\040\000g\000i\036\357\000a\000\040\000n\000g\001\260\036\335\000i\000\040\000d\000\371\000n\000g\000\040\000v\000\340\000\040\000h\036\307\000\040\000t\000h\036\321\000n\000g\000\040\000t\000h\001\260\000\040\000v\000i\036\307\000n}{subsection.1.3}% 10
\BOOKMARK [2][-]{subsection.1.4}{\376\377\000P\000h\036\241\000m\000\040\000v\000i\000\040\000v\000\340\000\040\000g\000i\036\333\000i\000\040\000h\036\241\000n\000\040\000c\036\347\000a\000\040\001\021\036\301\000\040\000t\000\340\000i}{section.1}% 11
\BOOKMARK [3][-]{subsubsection.1.4.1}{\376\377\000C\000\341\000c\000\040\000n\000h\000\363\000m\000\040\000n\000g\001\260\036\335\000i\000\040\000d\000\371\000n\000g}{subsection.1.4}% 12
\BOOKMARK [3][-]{subsubsection.1.4.2}{\376\377\000P\000h\036\241\000m\000\040\000v\000i\000\040\036\351\000n\000g\000\040\000d\036\345\000n\000g\000\040\000t\000r\000\355\000\040\000t\000u\036\307\000\040\000n\000h\000\342\000n\000\040\000t\036\241\000o}{subsection.1.4}% 13
\BOOKMARK [3][-]{subsubsection.1.4.3}{\376\377\000G\000i\036\333\000i\000\040\000h\036\241\000n\000\040\000c\036\347\000a\000\040\001\021\036\301\000\040\000t\000\340\000i}{subsection.1.4}% 14
\BOOKMARK [2][-]{subsection.1.5}{\376\377\000\335\000\040\000n\000g\000h\001\051\000a\000\040\000c\036\347\000a\000\040\001\021\036\301\000\040\000t\000\340\000i}{section.1}% 15
\BOOKMARK [3][-]{subsubsection.1.5.1}{\376\377\000\335\000\040\000n\000g\000h\001\051\000a\000\040\000t\000h\036\361\000c\000\040\000t\000i\036\305\000n}{subsection.1.5}% 16
\BOOKMARK [3][-]{subsubsection.1.5.2}{\376\377\000\335\000\040\000n\000g\000h\001\051\000a\000\040\000k\000h\000o\000a\000\040\000h\036\315\000c}{subsection.1.5}% 17
\BOOKMARK [1][-]{section.2}{\376\377\000P\000h\000\342\000n\000\040\000t\000\355\000c\000h\000\040\000t\036\325\000n\000g\000\040\000q\000u\000a\000n\000\040\000c\000\341\000c\000\040\000h\036\307\000\040\000t\000h\036\321\000n\000g\000\040\000c\000\363\000\040\000l\000i\000\352\000n\000\040\000q\000u\000a\000n\000\040\000t\000r\000\352\000n\000\040\000t\000h\036\313\000\040\000t\000r\001\260\036\335\000n\000g}{}% 18
\BOOKMARK [2][-]{subsection.2.1}{\376\377\000H\036\307\000\040\000t\000h\036\321\000n\000g\000\040\000Q\000u\036\243\000n\000\040\000l\000\375\000\040\000v\000\340\000\040\000T\000r\000a\000\040\000c\036\351\000u\000\040\000T\000\340\000i\000\040\000n\000g\000u\000y\000\352\000n\000\040\000T\000h\001\260\000\040\000v\000i\036\307\000n\000\040\040\023\000\040\001\020\036\241\000i\000\040\000h\036\315\000c\000\040\000B\000\341\000c\000h\000\040\000K\000h\000o\000a\000\040\000T\000P\000.\000H\000C\000M}{section.2}% 19
\BOOKMARK [3][-]{subsubsection.2.1.1}{\376\377\001\020\000i\036\303\000m\000\040\000m\036\241\000n\000h}{subsection.2.1}% 20
\BOOKMARK [3][-]{subsubsection.2.1.2}{\376\377\001\020\000i\036\303\000m\000\040\000y\036\277\000u}{subsection.2.1}% 21
\BOOKMARK [2][-]{subsection.2.2}{\376\377\000H\036\307\000\040\000t\000h\036\321\000n\000g\000\040\000T\000h\001\260\000\040\000v\000i\036\307\000n\000\040\000T\000r\036\361\000c\000\040\000t\000u\000y\036\277\000n\000\040\040\023\000\040\001\020\036\241\000i\000\040\000h\036\315\000c\000\040\000L\000o\000n\000d\000o\000n\000\040\000\050\000T\000h\000e\000\040\000O\000n\000l\000i\000n\000e\000\040\000L\000i\000b\000r\000a\000r\000y\000\040\040\023\000\040\000U\000n\000i\000v\000e\000r\000s\000i\000t\000y\000\040\000o\000f\000\040\000L\000o\000n\000d\000o\000n\000\051}{section.2}% 22
\BOOKMARK [3][-]{subsubsection.2.2.1}{\376\377\001\020\000i\036\303\000m\000\040\000m\036\241\000n\000h}{subsection.2.2}% 23
\BOOKMARK [3][-]{subsubsection.2.2.2}{\376\377\001\020\000i\036\303\000m\000\040\000y\036\277\000u}{subsection.2.2}% 24
\BOOKMARK [2][-]{subsection.2.3}{\376\377\000H\036\307\000\040\000t\000h\036\321\000n\000g\000\040\000T\000h\001\260\000\040\000v\000i\036\307\000n\000\040\001\020\036\241\000i\000\040\000h\036\315\000c\000\040\000D\000e\000l\000a\000w\000a\000r\000e\000\040\000\050\000U\000D\000\040\000L\000i\000b\000r\000a\000r\000y\000\051}{section.2}% 25
\BOOKMARK [3][-]{subsubsection.2.3.1}{\376\377\001\020\000i\036\303\000m\000\040\000m\036\241\000n\000h}{subsection.2.3}% 26
\BOOKMARK [3][-]{subsubsection.2.3.2}{\376\377\001\020\000i\036\303\000m\000\040\000y\036\277\000u}{subsection.2.3}% 27
\BOOKMARK [2][-]{subsection.2.4}{\376\377\000H\036\307\000\040\000t\000h\036\321\000n\000g\000\040\000Q\000u\036\243\000n\000\040\000t\000r\036\313\000\040\000T\000h\001\260\000\040\000v\000i\036\307\000n\000\040\000M\000\343\000\040\000n\000g\000u\036\323\000n\000\040\000m\036\337\000\040\040\023\000\040\000K\000o\000h\000a\000\040\000I\000L\000S}{section.2}% 28
\BOOKMARK [3][-]{subsubsection.2.4.1}{\376\377\001\020\000i\036\303\000m\000\040\000m\036\241\000n\000h}{subsection.2.4}% 29
\BOOKMARK [3][-]{subsubsection.2.4.2}{\376\377\001\020\000i\036\303\000m\000\040\000y\036\277\000u}{subsection.2.4}% 30
\BOOKMARK [1][-]{section.3}{\376\377\000C\000\364\000n\000g\000\040\000n\000g\000h\036\307\000\040\000s\036\355\000\040\000d\036\345\000n\000g}{}% 31
\BOOKMARK [2][-]{subsection.3.1}{\376\377\000F\000r\000o\000n\000t\000-\000e\000n\000d\000:\000\040\000R\000e\000a\000c\000t\000.\000j\000s\000\040\000v\000\340\000\040\000V\000i\000t\000e}{section.3}% 32
\BOOKMARK [2][-]{subsection.3.2}{\376\377\000B\000a\000c\000k\000-\000e\000n\000d\000:\000\040\000N\000o\000d\000e\000.\000j\000s\000\040\000v\000\340\000\040\000E\000x\000p\000r\000e\000s\000s}{section.3}% 33
\BOOKMARK [2][-]{subsection.3.3}{\376\377\000D\036\313\000c\000h\000\040\000v\036\345\000\040\000A\000I\000\040\000c\000h\000u\000y\000\352\000n\000\040\000t\000r\000\341\000c\000h\000:\000\040\000P\000y\000t\000h\000o\000n\000\040\000v\000\340\000\040\000F\000a\000s\000t\000A\000P\000I}{section.3}% 34
\BOOKMARK [2][-]{subsection.3.4}{\376\377\000O\000R\000M\000:\000\040\000P\000r\000i\000s\000m\000a}{section.3}% 35
\BOOKMARK [2][-]{subsection.3.5}{\376\377\000C\001\241\000\040\000s\036\337\000\040\000d\036\357\000\040\000l\000i\036\307\000u\000\040\000q\000u\000a\000n\000\040\000h\036\307\000:\000\040\000P\000o\000s\000t\000g\000r\000e\000S\000Q\000L}{section.3}% 36
\BOOKMARK [2][-]{subsection.3.6}{\376\377\000V\000e\000c\000t\000o\000r\000\040\000D\000B\000\040\000v\000\340\000\040\000E\000m\000b\000e\000d\000d\000i\000n\000g\000s\000:\000\040\000p\000g\000v\000e\000c\000t\000o\000r\000\040\000/\000\040\000V\000e\000c\000t\000o\000r\000\040\000s\000t\000o\000r\000e}{section.3}% 37
\BOOKMARK [2][-]{subsection.3.7}{\376\377\000A\000I\000\040\000/\000\040\000L\000L\000M\000:\000\040\000E\000m\000b\000e\000d\000d\000i\000n\000g\000s\000,\000\040\000R\000A\000G\000,\000\040\000T\000\363\000m\000\040\000t\036\257\000t\000\040\000v\000\340\000\040\000C\000h\000a\000t\000b\000o\000t}{section.3}% 38
\BOOKMARK [2][-]{subsection.3.8}{\376\377\000T\000\354\000m\000\040\000k\000i\036\277\000m\000\040\000l\000a\000i\000\040\000\050\000H\000y\000b\000r\000i\000d\000\040\000S\000e\000a\000r\000c\000h\000\051}{section.3}% 39
\BOOKMARK [2][-]{subsection.3.9}{\376\377\000B\036\243\000o\000\040\000m\036\255\000t\000\040\000v\000\340\000\040\000X\000\341\000c\000\040\000t\000h\036\361\000c\000:\000\040\000J\000W\000T\000,\000\040\000R\000B\000A\000C\000,\000\040\000O\000T\000P}{section.3}% 40
\BOOKMARK [2][-]{subsection.3.10}{\376\377\000T\000\355\000c\000h\000\040\000h\036\343\000p\000\040\000b\000\352\000n\000\040\000n\000g\000o\000\340\000i\000:\000\040\000O\000p\000e\000n\000\040\000L\000i\000b\000r\000a\000r\000y\000\040\000/\000\040\000G\000o\000o\000g\000l\000e\000\040\000B\000o\000o\000k\000s\000\040\000/\000\040\000N\000o\000d\000e\000m\000a\000i\000l\000e\000r}{section.3}% 41
\BOOKMARK [1][-]{section.4}{\376\377\000Y\000\352\000u\000\040\000c\036\247\000u\000\040\000v\036\301\000\040\000h\036\307\000\040\000t\000h\036\321\000n\000g}{}% 42
\BOOKMARK [2][-]{subsection.4.1}{\376\377\000Y\000\352\000u\000\040\000c\036\247\000u\000\040\000c\000h\036\351\000c\000\040\000n\001\003\000n\000g}{section.4}% 43
\BOOKMARK [3][-]{subsubsection.4.1.1}{\376\377\000Q\000u\036\243\000n\000\040\000l\000\375\000\040\000t\000\340\000i\000\040\000k\000h\000o\036\243\000n\000\040\000n\000g\001\260\036\335\000i\000\040\000d\000\371\000n\000g}{subsection.4.1}% 44
\BOOKMARK [3][-]{subsubsection.4.1.2}{\376\377\000\040\000Q\000u\036\243\000n\000\040\000l\000\375\000\040\000d\000a\000n\000h\000\040\000m\036\345\000c\000\040\000t\000\340\000i\000\040\000l\000i\036\307\000u}{subsection.4.1}% 45
\BOOKMARK [3][-]{subsubsection.4.1.3}{\376\377\000Q\000u\036\243\000n\000\040\000l\000\375\000\040\000l\001\260\000u\000\040\000t\000h\000\364\000n\000g\000\040\000t\000\340\000i\000\040\000l\000i\036\307\000u}{subsection.4.1}% 46
\BOOKMARK [3][-]{subsubsection.4.1.4}{\376\377\000T\000r\000u\000y\000\040\000c\036\255\000p\000\040\000t\000\340\000i\000\040\000n\000g\000u\000y\000\352\000n\000\040\000k\036\371\000\040\000t\000h\000u\036\255\000t\000\040\000s\036\321}{subsection.4.1}% 47
\BOOKMARK [3][-]{subsubsection.4.1.5}{\376\377\000C\000\364\000n\000g\000\040\000c\036\345\000\040\000g\036\343\000i\000\040\000\375\000\040\000t\000\340\000i\000\040\000l\000i\036\307\000u\000\040\000d\036\361\000a\000\040\000t\000r\000\352\000n\000\040\000t\000r\000\355\000\040\000t\000u\036\307\000\040\000n\000h\000\342\000n\000\040\000t\036\241\000o}{subsection.4.1}% 48
\BOOKMARK [3][-]{subsubsection.4.1.6}{\376\377\000T\001\260\001\241\000n\000g\000\040\000t\000\341\000c\000\040\000t\000h\000\364\000n\000g\000\040\000m\000i\000n\000h\000\040\000v\000\340\000\040\000t\000\354\000m\000\040\000k\000i\036\277\000m\000\040\000n\000g\000\364\000n\000\040\000n\000g\036\357\000\040\000t\036\361\000\040\000n\000h\000i\000\352\000n\000\040\000d\036\361\000a\000\040\000t\000r\000\352\000n\000\040\000t\000r\000\355\000\040\000t\000u\036\307\000\040\000n\000h\000\342\000n\000\040\000t\036\241\000o}{subsection.4.1}% 49
\BOOKMARK [3][-]{subsubsection.4.1.7}{\376\377\000H\036\327\000\040\000t\000r\036\343\000\040\000b\000i\000\352\000n\000\040\000m\036\345\000c\000\040\000t\000\340\000i\000\040\000l\000i\036\307\000u\000\040\000b\036\261\000n\000g\000\040\000t\000r\000\355\000\040\000t\000u\036\307\000\040\000n\000h\000\342\000n\000\040\000t\036\241\000o}{subsection.4.1}% 50
\BOOKMARK [3][-]{subsubsection.4.1.8}{\376\377\000T\000h\000\364\000n\000g\000\040\000b\000\341\000o\000\040\000v\000\340\000\040\000t\000r\000u\000y\036\301\000n\000\040\000t\000h\000\364\000n\000g}{subsection.4.1}% 51
\BOOKMARK [3][-]{subsubsection.4.1.9}{\376\377\000B\000\341\000o\000\040\000c\000\341\000o\000\040\000v\000\340\000\040\000p\000h\000\342\000n\000\040\000t\000\355\000c\000h}{subsection.4.1}% 52
\BOOKMARK [3][-]{subsubsection.4.1.10}{\376\377\000Q\000u\036\243\000n\000\040\000t\000r\036\313\000\040\000v\000\340\000\040\000c\036\245\000u\000\040\000h\000\354\000n\000h\000\040\000h\036\307\000\040\000t\000h\036\321\000n\000g}{subsection.4.1}% 53
\BOOKMARK [2][-]{subsection.4.2}{\376\377\000Y\000\352\000u\000\040\000c\036\247\000u\000\040\000p\000h\000i\000\040\000c\000h\036\351\000c\000\040\000n\001\003\000n\000g}{section.4}% 54
\BOOKMARK [1][-]{section.5}{\376\377\001\020\036\267\000c\000\040\000t\036\243\000\040\000c\000h\000i\000\040\000t\000i\036\277\000t\000\040\000c\000\341\000c\000\040\000u\000s\000e\000-\000c\000a\000s\000e}{}% 55
\BOOKMARK [2][-]{subsection.5.1}{\376\377\000Q\000u\036\243\000n\000\040\000l\000\375\000\040\000t\000\340\000i\000\040\000k\000h\000o\036\243\000n\000\040\000v\000\340\000\040\000t\000r\000u\000y\000\040\000c\036\255\000p}{section.5}% 56
\BOOKMARK [3][-]{subsubsection.5.1.1}{\376\377\000T\036\325\000n\000g\000\040\000q\000u\000a\000n}{subsection.5.1}% 57
\BOOKMARK [3][-]{subsubsection.5.1.2}{\376\377\001\020\036\267\000c\000\040\000t\036\243\000\040\000c\000h\000i\000\040\000t\000i\036\277\000t}{subsection.5.1}% 58
\BOOKMARK [2][-]{subsection.5.2}{\376\377\000Q\000u\036\243\000n\000\040\000l\000\375\000\040\000d\000a\000n\000h\000\040\000m\036\345\000c\000\040\000v\000\340\000\040\000B\000i\000\352\000n\000\040\000m\036\345\000c}{section.5}% 59
\BOOKMARK [3][-]{subsubsection.5.2.1}{\376\377\000T\036\325\000n\000g\000\040\000q\000u\000a\000n}{subsection.5.2}% 60
\BOOKMARK [3][-]{subsubsection.5.2.2}{\376\377\001\020\036\267\000c\000\040\000t\036\243\000\040\000c\000h\000i\000\040\000t\000i\036\277\000t}{subsection.5.2}% 61
\BOOKMARK [2][-]{subsection.5.3}{\376\377\000Q\000u\036\243\000n\000\040\000l\000\375\000\040\000l\001\260\000u\000\040\000t\000h\000\364\000n\000g\000\040\000t\000\340\000i\000\040\000l\000i\036\307\000u}{section.5}% 62
\BOOKMARK [3][-]{subsubsection.5.3.1}{\376\377\000T\036\325\000n\000g\000\040\000q\000u\000a\000n}{subsection.5.3}% 63
\BOOKMARK [3][-]{subsubsection.5.3.2}{\376\377\001\020\036\267\000c\000\040\000t\036\243\000\040\000c\000h\000i\000\040\000t\000i\036\277\000t}{subsection.5.3}% 64
\BOOKMARK [2][-]{subsection.5.4}{\376\377\000T\000r\000u\000y\000\040\000c\036\255\000p\000\040\000v\000\340\000\040\000k\000h\000a\000i\000\040\000t\000h\000\341\000c\000\040\000t\000\340\000i\000\040\000n\000g\000u\000y\000\352\000n}{section.5}% 65
\BOOKMARK [3][-]{subsubsection.5.4.1}{\376\377\000T\036\325\000n\000g\000\040\000q\000u\000a\000n}{subsection.5.4}% 66
\BOOKMARK [3][-]{subsubsection.5.4.2}{\376\377\001\020\036\267\000c\000\040\000t\036\243\000\040\000c\000h\000i\000\040\000t\000i\036\277\000t}{subsection.5.4}% 67
\BOOKMARK [2][-]{subsection.5.5}{\376\377\000T\001\260\001\241\000n\000g\000\040\000t\000\341\000c\000\040\000t\000h\000\364\000n\000g\000\040\000m\000i\000n\000h}{section.5}% 68
\BOOKMARK [3][-]{subsubsection.5.5.1}{\376\377\000T\036\325\000n\000g\000\040\000q\000u\000a\000n}{subsection.5.5}% 69
\BOOKMARK [3][-]{subsubsection.5.5.2}{\376\377\001\020\036\267\000c\000\040\000t\036\243\000\040\000c\000h\000i\000\040\000t\000i\036\277\000t}{subsection.5.5}% 70
\BOOKMARK [2][-]{subsection.5.6}{\376\377\000T\000h\000\364\000n\000g\000\040\000b\000\341\000o\000\040\000v\000\340\000\040\000t\000r\000u\000y\036\301\000n\000\040\000t\000h\000\364\000n\000g}{section.5}% 71
\BOOKMARK [3][-]{subsubsection.5.6.1}{\376\377\000T\036\325\000n\000g\000\040\000q\000u\000a\000n}{subsection.5.6}% 72
\BOOKMARK [3][-]{subsubsection.5.6.2}{\376\377\001\020\036\267\000c\000\040\000t\036\243\000\040\000c\000h\000i\000\040\000t\000i\036\277\000t}{subsection.5.6}% 73
\BOOKMARK [2][-]{subsection.5.7}{\376\377\000B\000\341\000o\000\040\000c\000\341\000o\000\040\000v\000\340\000\040\000q\000u\036\243\000n\000\040\000t\000r\036\313\000\040\000\050\000A\000d\000m\000i\000n\000\040\000\046\000\040\000R\000e\000p\000o\000r\000t\000i\000n\000g\000\051}{section.5}% 74
\BOOKMARK [3][-]{subsubsection.5.7.1}{\376\377\000T\036\325\000n\000g\000\040\000q\000u\000a\000n}{subsection.5.7}% 75
\BOOKMARK [3][-]{subsubsection.5.7.2}{\376\377\001\020\036\267\000c\000\040\000t\036\243\000\040\000c\000h\000i\000\040\000t\000i\036\277\000t}{subsection.5.7}% 76
\BOOKMARK [1][-]{section.6}{\376\377\000P\000h\000\342\000n\000\040\000t\000\355\000c\000h\000\040\000\046\000\040\000T\000h\000i\036\277\000t\000\040\000k\036\277\000\040\000h\036\307\000\040\000t\000h\036\321\000n\000g}{}% 77
\BOOKMARK [2][-]{subsection.6.1}{\376\377\000K\000i\036\277\000n\000\040\000t\000r\000\372\000c\000\040\000h\036\307\000\040\000t\000h\036\321\000n\000g}{section.6}% 78
\BOOKMARK [3][-]{subsubsection.6.1.1}{\376\377\000T\036\247\000n\000g\000\040\000T\000r\000\354\000n\000h\000\040\000d\000i\036\305\000n\000\040\000\050\000P\000r\000e\000s\000e\000n\000t\000a\000t\000i\000o\000n\000\040\000T\000i\000e\000r\000\051}{subsection.6.1}% 79
\BOOKMARK [3][-]{subsubsection.6.1.2}{\376\377\000T\036\247\000n\000g\000\040\036\350\000n\000g\000\040\000d\036\345\000n\000g\000\040\000\050\000A\000p\000p\000l\000i\000c\000a\000t\000i\000o\000n\000\040\000T\000i\000e\000r\000\051}{subsection.6.1}% 80
\BOOKMARK [3][-]{subsubsection.6.1.3}{\376\377\000T\036\247\000n\000g\000\040\000D\036\357\000\040\000l\000i\036\307\000u\000\040\000\050\000D\000a\000t\000a\000\040\000T\000i\000e\000r\000\051}{subsection.6.1}% 81
\BOOKMARK [2][-]{subsection.6.2}{\376\377\000T\000h\000i\036\277\000t\000\040\000k\036\277\000\040\000c\001\241\000\040\000s\036\337\000\040\000d\036\357\000\040\000l\000i\036\307\000u}{section.6}% 82
\BOOKMARK [3][-]{subsubsection.6.2.1}{\376\377\000M\000\364\000\040\000t\036\243\000\040\000t\000h\036\361\000c\000\040\000t\000h\036\303}{subsection.6.2}% 83
\BOOKMARK [3][-]{subsubsection.6.2.2}{\376\377\000S\001\241\000\040\001\021\036\323\000\040\000t\000h\036\361\000c\000\040\000t\000h\036\303\000\040\000l\000i\000\352\000n\000\040\000k\036\277\000t\000\040\000\050\000E\000E\000R\000D\000\051}{subsection.6.2}% 84
\BOOKMARK [3][-]{subsubsection.6.2.3}{\376\377\000L\001\260\036\343\000c\000\040\001\021\036\323\000\040\000c\001\241\000\040\000s\036\337\000\040\000d\036\357\000\040\000l\000i\036\307\000u\000\040\000\050\000D\000a\000t\000a\000b\000a\000s\000e\000\051}{subsection.6.2}% 85
\BOOKMARK [2][-]{subsection.6.3}{\376\377\000S\001\241\000\040\001\021\036\323\000\040\000l\036\333\000p\000\040\000\050\000C\000l\000a\000s\000s\000\040\000D\000i\000a\000g\000r\000a\000m\000\051}{section.6}% 86
\BOOKMARK [3][-]{subsubsection.6.3.1}{\376\377\000Q\000u\036\243\000n\000\040\000l\000\375\000\040\000t\000\340\000i\000\040\000k\000h\000o\036\243\000n\000\040\000v\000\340\000\040\000t\000r\000u\000y\000\040\000c\036\255\000p}{subsection.6.3}% 87
\BOOKMARK [3][-]{subsubsection.6.3.2}{\376\377\000Q\000u\036\243\000n\000\040\000l\000\375\000\040\000d\000a\000n\000h\000\040\000m\036\345\000c\000\040\000s\000\341\000c\000h}{subsection.6.3}% 88
\BOOKMARK [3][-]{subsubsection.6.3.3}{\376\377\000Q\000u\036\243\000n\000\040\000l\000\375\000\040\000l\001\260\000u\000\040\000t\000h\000\364\000n\000g\000\040\000t\000\340\000i\000\040\000l\000i\036\307\000u}{subsection.6.3}% 89
\BOOKMARK [3][-]{subsubsection.6.3.4}{\376\377\000T\000\354\000m\000\040\000k\000i\036\277\000m\000\040\000v\000\340\000\040\000k\000h\000a\000i\000\040\000t\000h\000\341\000c\000\040\000t\000\340\000i\000\040\000n\000g\000u\000y\000\352\000n}{subsection.6.3}% 90
\BOOKMARK [3][-]{subsubsection.6.3.5}{\376\377\000T\000r\036\343\000\040\000l\000\375\000\040\036\243\000o\000\040\000A\000I\000\040\000v\000\340\000\040\000g\036\343\000i\000\040\000\375}{subsection.6.3}% 91
\BOOKMARK [3][-]{subsubsection.6.3.6}{\376\377\000T\000h\000\364\000n\000g\000\040\000b\000\341\000o\000\040\000v\000\340\000\040\000t\000r\000u\000y\036\301\000n\000\040\000t\000h\000\364\000n\000g}{subsection.6.3}% 92
\BOOKMARK [3][-]{subsubsection.6.3.7}{\376\377\000Q\000u\036\243\000n\000\040\000t\000r\036\313\000\040\000h\036\307\000\040\000t\000h\036\321\000n\000g}{subsection.6.3}% 93
\BOOKMARK [2][-]{subsection.6.4}{\376\377\000S\001\241\000\040\001\021\036\323\000\040\000h\000o\036\241\000t\000\040\001\021\036\331\000n\000g\000\040\000\050\000A\000c\000t\000i\000v\000i\000t\000y\000\040\000D\000i\000a\000g\000r\000a\000m\000\051}{section.6}% 94
\BOOKMARK [3][-]{subsubsection.6.4.1}{\376\377\001\020\001\003\000n\000g\000\040\000k\000\355\000\040\000t\000\340\000i\000\040\000k\000h\000o\036\243\000n}{subsection.6.4}% 95
\BOOKMARK [3][-]{subsubsection.6.4.2}{\376\377\001\020\001\003\000n\000g\000\040\000n\000h\036\255\000p\000\040\000h\036\307\000\040\000t\000h\036\321\000n\000g}{subsection.6.4}% 96
\BOOKMARK [3][-]{subsubsection.6.4.3}{\376\377\001\020\036\267\000t\000\040\000l\036\241\000i\000\040\000m\036\255\000t\000\040\000k\000h\036\251\000u}{subsection.6.4}% 97
\BOOKMARK [3][-]{subsubsection.6.4.4}{\376\377\000X\000e\000m\000\040\000l\036\313\000c\000h\000\040\000s\036\355\000\040\000m\001\260\036\343\000n\000/\000t\000r\036\243}{subsection.6.4}% 98
\BOOKMARK [3][-]{subsubsection.6.4.5}{\376\377\000Q\000u\036\243\000n\000\040\000l\000\355\000\040\000t\000\340\000i\000\040\000k\000h\000o\036\243\000n\000\040\000n\000g\001\260\036\335\000i\000\040\000d\000\371\000n\000g}{subsection.6.4}% 99
\BOOKMARK [3][-]{subsubsection.6.4.6}{\376\377\000T\000h\000\352\000m\000\040\000/\000\040\000S\036\355\000a\000\040\000/\000\040\000X\000\363\000a\000\040\000b\036\243\000n\000\040\000g\000h\000i\000\040\000t\000\340\000i\000\040\000l\000i\036\307\000u}{subsection.6.4}% 100
\BOOKMARK [3][-]{subsubsection.6.4.7}{\376\377\000N\000h\036\255\000p\000\040\000d\000a\000n\000h\000\040\000m\036\345\000c\000\040\000t\000\340\000i\000\040\000l\000i\036\307\000u\000\040\000h\000\340\000n\000g\000\040\000l\000o\036\241\000t}{subsection.6.4}% 101
\BOOKMARK [3][-]{subsubsection.6.4.8}{\376\377\000B\000i\000\352\000n\000\040\000m\036\345\000c\000\040\000t\036\361\000\040\001\021\036\331\000n\000g\000\040\000b\036\261\000n\000g\000\040\000m\000\343\000\040\000I\000S\000B\000N}{subsection.6.4}% 102
\BOOKMARK [3][-]{subsubsection.6.4.9}{\376\377\000M\001\260\036\343\000n\000\040\000t\000\340\000i\000\040\000l\000i\036\307\000u\000\040\000v\036\255\000t\000\040\000l\000\375}{subsection.6.4}% 103
\BOOKMARK [3][-]{subsubsection.6.4.10}{\376\377\000T\000r\036\243\000\040\000t\000\340\000i\000\040\000l\000i\036\307\000u}{subsection.6.4}% 104
\BOOKMARK [3][-]{subsubsection.6.4.11}{\376\377\000T\000\355\000n\000h\000\040\000v\000\340\000\040\000c\036\255\000p\000\040\000n\000h\036\255\000t\000\040\000p\000h\000\355\000\040\000p\000h\036\241\000t\000\040\000t\000r\036\305\000\040\000h\036\241\000n}{subsection.6.4}% 105
\BOOKMARK [3][-]{subsubsection.6.4.12}{\376\377\000G\000i\000a\000\040\000h\036\241\000n\000\040\000t\000\340\000i\000\040\000l\000i\036\307\000u\000\040\000t\000r\036\361\000c\000\040\000t\000u\000y\036\277\000n}{subsection.6.4}% 106
\BOOKMARK [3][-]{subsubsection.6.4.13}{\376\377\001\020\036\267\000t\000\040\000g\000i\036\357\000\040\000c\000h\036\327\000\040\000t\000\340\000i\000\040\000l\000i\036\307\000u}{subsection.6.4}% 107
\BOOKMARK [3][-]{subsubsection.6.4.14}{\376\377\000T\000r\000a\000\040\000c\036\351\000u\000\040\000t\000\340\000i\000\040\000l\000i\036\307\000u}{subsection.6.4}% 108
\BOOKMARK [2][-]{subsection.6.5}{\376\377\000S\001\241\000\040\001\021\036\323\000\040\000t\000u\036\247\000n\000\040\000t\036\361\000\040\000\050\000S\000e\000q\000u\000e\000n\000c\000e\000\040\000D\000i\000a\000g\000r\000a\000m\000\051}{section.6}% 109
\BOOKMARK [3][-]{subsubsection.6.5.1}{\376\377\001\020\001\003\000n\000g\000\040\000k\000\355\000\040\000t\000\340\000i\000\040\000k\000h\000o\036\243\000n}{subsection.6.5}% 110
\BOOKMARK [3][-]{subsubsection.6.5.2}{\376\377\001\020\001\003\000n\000g\000\040\000n\000h\036\255\000p\000\040\000t\000\340\000i\000\040\000k\000h\000o\036\243\000n}{subsection.6.5}% 111
\BOOKMARK [3][-]{subsubsection.6.5.3}{\376\377\001\020\036\267\000t\000\040\000l\036\241\000i\000\040\000m\036\255\000t\000\040\000k\000h\036\251\000u\000\040\000t\000\340\000i\000\040\000k\000h\000o\036\243\000n}{subsection.6.5}% 112
\BOOKMARK [3][-]{subsubsection.6.5.4}{\376\377\000T\000\354\000m\000\040\000k\000i\036\277\000m\000\040\000t\000\340\000i\000\040\000l\000i\036\307\000u}{subsection.6.5}% 113
\BOOKMARK [3][-]{subsubsection.6.5.5}{\376\377\000T\000h\000\352\000m\000/\000s\036\355\000a\000/\000x\000\363\000a\000\040\000t\000\340\000i\000\040\000l\000i\036\307\000u}{subsection.6.5}% 114
\BOOKMARK [0][-]{subsubsubsection.6.5.5.1}{\376\377\000T\000h\000\352\000m\000\040\000t\000\340\000i\000\040\000l\000i\036\307\000u}{}% 115
\BOOKMARK [0][-]{subsubsubsection.6.5.5.2}{\376\377\000S\036\355\000a\000\040\000t\000\340\000i\000\040\000l\000i\036\307\000u}{}% 116
\BOOKMARK [0][-]{subsubsubsection.6.5.5.3}{\376\377\000X\000\363\000a\000\040\000t\000\340\000i\000\040\000l\000i\036\307\000u}{}% 117
\BOOKMARK [1][-]{subsubsection.6.5.6}{\376\377\000T\000h\000\352\000m\000\040\000t\000\340\000i\000\040\000l\000i\036\307\000u\000\040\000h\000\340\000n\000g\000\040\000l\000o\036\241\000t}{subsubsubsection.6.5.5.3}% 118
\BOOKMARK [2][-]{subsubsection.6.5.7}{\376\377\001\020\036\267\000t\000\040\000m\001\260\036\343\000n\000\040\000t\000\340\000i\000\040\000l\000i\036\307\000u}{subsubsection.6.5.6}% 119
\BOOKMARK [3][-]{subsubsection.6.5.8}{\376\377\000C\036\255\000p\000\040\000n\000h\036\255\000t\000\040\000t\000i\036\301\000n\000\040\000p\000h\036\241\000t}{subsubsection.6.5.7}% 120
\BOOKMARK [3][-]{subsubsection.6.5.9}{\376\377\000X\036\355\000\040\000l\000\375\000\040\000m\001\260\036\343\000n\000\040\000T\000\340\000i\000\040\000l\000i\036\307\000u}{subsubsection.6.5.7}% 121
\BOOKMARK [3][-]{subsubsection.6.5.10}{\376\377\000G\000i\000a\000\040\000h\036\241\000n\000\040\000m\001\260\036\343\000n\000\040\000t\000\340\000i\000\040\000l\000i\036\307\000u}{subsubsection.6.5.7}% 122
\BOOKMARK [3][-]{subsubsection.6.5.11}{\376\377\000T\000r\036\243\000\040\000t\000\340\000i\000\040\000l\000i\036\307\000u}{subsubsection.6.5.7}% 123
\BOOKMARK [2][-]{subsection.6.6}{\376\377\000T\000h\000i\036\277\000t\000\040\000k\036\277\000\040\000g\000i\000a\000o\000\040\000d\000i\036\307\000n\000\040\000h\036\307\000\040\000t\000h\036\321\000n\000g}{subsubsection.6.5.6}% 124
\BOOKMARK [3][-]{subsubsection.6.6.1}{\376\377\000T\000h\000i\036\277\000t\000\040\000k\036\277\000\040\000g\000i\000a\000o\000\040\000d\000i\036\307\000n\000\040\000d\000\340\000n\000h\000\040\000c\000h\000o\000\040\000p\000h\000\342\000n\000\040\000h\036\307\000\040\000B\036\241\000n\000\040\001\021\036\315\000c}{subsection.6.6}% 125
\BOOKMARK [3][-]{subsubsection.6.6.2}{\376\377\000T\000h\000i\036\277\000t\000\040\000k\036\277\000\040\000g\000i\000a\000o\000\040\000d\000i\036\307\000n\000\040\000d\000\340\000n\000h\000\040\000c\000h\000o\000\040\000p\000h\000\342\000n\000\040\000h\036\307\000\040\000T\000h\036\347\000\040\000t\000h\001\260}{subsection.6.6}% 126
\BOOKMARK [3][-]{subsubsection.6.6.3}{\376\377\000T\000h\000i\036\277\000t\000\040\000k\036\277\000\040\000g\000i\000a\000o\000\040\000d\000i\036\307\000n\000\040\000d\000\340\000n\000h\000\040\000c\000h\000o\000\040\000Q\000u\036\243\000n\000\040\000t\000r\036\313\000\040\000v\000i\000\352\000n\000\040}{subsection.6.6}% 127
\BOOKMARK [1][-]{section.7}{\376\377\000T\036\325\000n\000g\000\040\000k\036\277\000t\000\040\000v\000\340\000\040\000H\001\260\036\333\000n\000g\000\040\000p\000h\000\341\000t\000\040\000t\000r\000i\036\303\000n}{subsubsubsection.6.5.5.3}% 128
\BOOKMARK [2][-]{subsection.7.1}{\376\377\000N\000h\036\255\000n\000\040\000x\000\351\000t\000\040\000\050\000K\036\277\000t\000\040\000q\000u\036\243\000\040\001\021\036\241\000t\000\040\001\021\001\260\036\343\000c\000\040\000t\000r\000o\000n\000g\000\040\000G\000i\000a\000i\000\040\001\021\000o\036\241\000n\000\040\0001\000\051}{section.7}% 129
\BOOKMARK [2][-]{subsection.7.2}{\376\377\000H\001\260\036\333\000n\000g\000\040\000p\000h\000\341\000t\000\040\000t\000r\000i\036\303\000n\000\040\001\021\036\323\000\040\000\341\000n\000\040\000t\036\321\000t\000\040\000n\000g\000h\000i\036\307\000p\000\040}{section.7}% 130
\BOOKMARK [1][-]{section.8}{\376\377\000T\000\340\000i\000\040\000l\000i\036\307\000u\000\040\000t\000h\000a\000m\000\040\000k\000h\036\243\000o}{subsubsubsection.6.5.5.3}% 131
\BOOKMARK [1][-]{section.9}{\376\377\000P\000h\036\345\000\040\000l\036\345\000c}{subsubsubsection.6.5.5.3}% 132
