\BOOKMARK [1][-]{section.1}{\376\377\000T\036\325\000n\000g\000\040\000q\000u\000a\000n\000\040\000v\036\301\000\040\001\020\036\301\000\040\000t\000\340\000i}{}% 1
\BOOKMARK [2][-]{subsection.1.1}{\376\377\000G\000i\036\333\000i\000\040\000t\000h\000i\036\307\000u\000\040\001\020\036\301\000\040\000t\000\340\000i}{section.1}% 2
\BOOKMARK [3][-]{subsubsection.1.1.1}{\376\377\001\020\036\331\000n\000g\000\040\000l\036\361\000c\000\040\000C\000h\036\315\000n\000\040\001\020\036\301\000\040\000t\000\340\000i}{subsection.1.1}% 3
\BOOKMARK [2][-]{subsection.1.2}{\376\377\000M\036\345\000c\000\040\000t\000i\000\352\000u\000\040\000c\036\347\000a\000\040\001\020\036\301\000\040\000t\000\340\000i}{section.1}% 4
\BOOKMARK [3][-]{subsubsection.1.2.1}{\376\377\000T\036\325\000n\000g\000\040\000q\000u\000a\000n\000\040\000v\036\301\000\040\000H\036\307\000\040\000t\000h\036\321\000n\000g\000\040\001\020\036\301\000\040\000x\000u\036\245\000t}{subsection.1.2}% 5
\BOOKMARK [2][-]{subsection.1.3}{\376\377\000L\036\343\000i\000\040\000\355\000c\000h\000\040\000c\036\347\000a\000\040\001\020\036\301\000\040\000t\000\340\000i}{section.1}% 6
\BOOKMARK [3][-]{subsubsection.1.3.1}{\376\377\000X\000\342\000y\000\040\000d\036\361\000n\000g\000\040\000H\036\307\000\040\000t\000h\036\321\000n\000g\000\040\000Q\000u\036\243\000n\000\040\000l\000\375\000\040\000T\000h\001\260\000\040\000v\000i\036\307\000n\000\040\000T\000r\036\361\000c\000\040\000t\000u\000y\036\277\000n\000\040\000H\000i\036\307\000n\000\040\001\021\036\241\000i}{subsection.1.3}% 7
\BOOKMARK [3][-]{subsubsection.1.3.2}{\376\377\000H\036\327\000\040\000t\000r\036\343\000\040\000H\000i\036\307\000u\000\040\000q\000u\036\243\000\040\000c\000h\000o\000\040\000C\000\364\000n\000g\000\040\000t\000\341\000c\000\040\000Q\000u\036\243\000n\000\040\000l\000\375\000\040\000T\000h\001\260\000\040\000v\000i\036\307\000n}{subsection.1.3}% 8
\BOOKMARK [3][-]{subsubsection.1.3.3}{\376\377\000T\036\321\000i\000\040\001\260\000u\000\040\000h\000\363\000a\000\040\000V\000i\036\307\000c\000\040\000K\000h\000a\000i\000\040\000t\000h\000\341\000c\000\040\000T\000\340\000i\000\040\000n\000g\000u\000y\000\352\000n\000\040\000c\036\347\000a\000\040\001\020\036\331\000c\000\040\000g\000i\036\243}{subsection.1.3}% 9
\BOOKMARK [3][-]{subsubsection.1.3.4}{\376\377\000T\001\003\000n\000g\000\040\000c\001\260\036\335\000n\000g\000\040\000T\001\260\001\241\000n\000g\000\040\000t\000\341\000c\000\040\000G\000i\036\357\000a\000\040\000N\000g\001\260\036\335\000i\000\040\000d\000\371\000n\000g\000\040\000v\000\340\000\040\000H\036\307\000\040\000t\000h\036\321\000n\000g\000\040\000T\000h\001\260\000\040\000v\000i\036\307\000n}{subsection.1.3}% 10
\BOOKMARK [2][-]{subsection.1.4}{\376\377\000P\000h\036\241\000m\000\040\000v\000i\000\040\000v\000\340\000\040\000H\036\241\000n\000\040\000c\000h\036\277\000\040\000c\036\347\000a\000\040\001\020\036\301\000\040\000t\000\340\000i}{section.1}% 11
\BOOKMARK [3][-]{subsubsection.1.4.1}{\376\377\000C\000\341\000c\000\040\000N\000h\000\363\000m\000\040\000N\000g\001\260\036\335\000i\000\040\000d\000\371\000n\000g}{subsection.1.4}% 12
\BOOKMARK [3][-]{subsubsection.1.4.2}{\376\377\000P\000h\036\241\000m\000\040\000v\000i\000\040\036\350\000n\000g\000\040\000d\036\345\000n\000g\000\040\000T\000r\000\355\000\040\000t\000u\036\307\000\040\000N\000h\000\342\000n\000\040\000t\036\241\000o}{subsection.1.4}% 13
\BOOKMARK [3][-]{subsubsection.1.4.3}{\376\377\000H\036\241\000n\000\040\000c\000h\036\277\000\040\000c\036\347\000a\000\040\001\020\036\301\000\040\000t\000\340\000i}{subsection.1.4}% 14
\BOOKMARK [2][-]{subsection.1.5}{\376\377\000\335\000\040\000n\000g\000h\001\051\000a\000\040\000T\036\325\000n\000g\000\040\000q\000u\000a\000n\000\040\000c\036\347\000a\000\040\001\020\036\301\000\040\000t\000\340\000i}{section.1}% 15
\BOOKMARK [3][-]{subsubsection.1.5.1}{\376\377\000\335\000\040\000n\000g\000h\001\051\000a\000\040\000T\000h\036\361\000c\000\040\000t\000i\036\305\000n}{subsection.1.5}% 16
\BOOKMARK [3][-]{subsubsection.1.5.2}{\376\377\000\335\000\040\000n\000g\000h\001\051\000a\000\040\000K\000h\000o\000a\000\040\000h\036\315\000c}{subsection.1.5}% 17
\BOOKMARK [1][-]{section.2}{\376\377\000P\000h\000\342\000n\000\040\000t\000\355\000c\000h\000\040\000T\036\325\000n\000g\000\040\000q\000u\000a\000n\000\040\000c\000\341\000c\000\040\000H\036\307\000\040\000t\000h\036\321\000n\000g\000\040\000L\000i\000\352\000n\000\040\000q\000u\000a\000n\000\040\000t\000r\000\352\000n\000\040\000T\000h\036\313\000\040\000t\000r\001\260\036\335\000n\000g}{}% 18
\BOOKMARK [2][-]{subsection.2.1}{\376\377\000H\036\307\000\040\000t\000h\036\321\000n\000g\000\040\000Q\000u\036\243\000n\000\040\000l\000\375\000\040\000v\000\340\000\040\000T\000r\000a\000\040\000c\036\351\000u\000\040\000T\000\340\000i\000\040\000n\000g\000u\000y\000\352\000n\000\040\000T\000h\001\260\000\040\000v\000i\036\307\000n\000\040\040\023\000\040\000T\000r\001\260\036\335\000n\000g\000\040\001\020\036\241\000i\000\040\000h\036\315\000c\000\040\000B\000\341\000c\000h\000\040\000K\000h\000o\000a\000\040\000-\000\040\001\020\000H\000Q\000G\000\040\000T\000P\000.\000H\000C\000M\000\040\000\050\000H\000C\000M\000U\000T\000\051}{section.2}% 19
\BOOKMARK [3][-]{subsubsection.2.1.1}{\376\377\001\257\000u\000\040\001\021\000i\036\303\000m}{subsection.2.1}% 20
\BOOKMARK [3][-]{subsubsection.2.1.2}{\376\377\000H\036\241\000n\000\040\000c\000h\036\277}{subsection.2.1}% 21
\BOOKMARK [2][-]{subsection.2.2}{\376\377\000H\036\307\000\040\000t\000h\036\321\000n\000g\000\040\000T\000h\001\260\000\040\000v\000i\036\307\000n\000\040\000T\000r\036\361\000c\000\040\000t\000u\000y\036\277\000n\000\040\040\023\000\040\001\020\036\241\000i\000\040\000h\036\315\000c\000\040\000L\000o\000n\000d\000o\000n\000\040\000\050\000T\000h\000e\000\040\000O\000n\000l\000i\000n\000e\000\040\000L\000i\000b\000r\000a\000r\000y\000\040\040\023\000\040\000U\000o\000L\000\051}{section.2}% 22
\BOOKMARK [3][-]{subsubsection.2.2.1}{\376\377\001\257\000u\000\040\001\021\000i\036\303\000m}{subsection.2.2}% 23
\BOOKMARK [3][-]{subsubsection.2.2.2}{\376\377\000H\036\241\000n\000\040\000c\000h\036\277}{subsection.2.2}% 24
\BOOKMARK [2][-]{subsection.2.3}{\376\377\000H\036\307\000\040\000t\000h\036\321\000n\000g\000\040\000T\000h\001\260\000\040\000v\000i\036\307\000n\000\040\001\020\036\241\000i\000\040\000h\036\315\000c\000\040\000D\000e\000l\000a\000w\000a\000r\000e\000\040\000\050\000U\000D\000\040\000L\000i\000b\000r\000a\000r\000y\000\051}{section.2}% 25
\BOOKMARK [3][-]{subsubsection.2.3.1}{\376\377\001\257\000u\000\040\001\021\000i\036\303\000m}{subsection.2.3}% 26
\BOOKMARK [3][-]{subsubsection.2.3.2}{\376\377\000H\036\241\000n\000\040\000c\000h\036\277}{subsection.2.3}% 27
\BOOKMARK [2][-]{subsection.2.4}{\376\377\000H\036\307\000\040\000t\000h\036\321\000n\000g\000\040\000Q\000u\036\243\000n\000\040\000l\000\375\000\040\000T\000h\001\260\000\040\000v\000i\036\307\000n\000\040\000M\000\343\000\040\000n\000g\000u\036\323\000n\000\040\000M\036\337\000\040\040\023\000\040\000K\000o\000h\000a\000\040\000I\000L\000S}{section.2}% 28
\BOOKMARK [3][-]{subsubsection.2.4.1}{\376\377\001\257\000u\000\040\001\021\000i\036\303\000m}{subsection.2.4}% 29
\BOOKMARK [3][-]{subsubsection.2.4.2}{\376\377\000H\036\241\000n\000\040\000c\000h\036\277}{subsection.2.4}% 30
\BOOKMARK [1][-]{section.3}{\376\377\000Y\000\352\000u\000\040\000c\036\247\000u\000\040\000H\036\307\000\040\000t\000h\036\321\000n\000g}{}% 31
\BOOKMARK [2][-]{subsection.3.1}{\376\377\000Y\000\352\000u\000\040\000c\036\247\000u\000\040\000C\000h\036\351\000c\000\040\000n\001\003\000n\000g}{section.3}% 32
\BOOKMARK [3][-]{subsubsection.3.1.1}{\376\377\000Q\000u\036\243\000n\000\040\000l\000\375\000\040\000T\000\340\000i\000\040\000k\000h\000o\036\243\000n\000\040\000N\000g\001\260\036\335\000i\000\040\000d\000\371\000n\000g}{subsection.3.1}% 33
\BOOKMARK [3][-]{subsubsection.3.1.2}{\376\377\000Q\000u\036\243\000n\000\040\000l\000\375\000\040\000D\000a\000n\000h\000\040\000m\036\345\000c\000\040\000T\000\340\000i\000\040\000n\000g\000u\000y\000\352\000n}{subsection.3.1}% 34
\BOOKMARK [3][-]{subsubsection.3.1.3}{\376\377\000Q\000u\036\243\000n\000\040\000l\000\375\000\040\000L\001\260\000u\000\040\000t\000h\000\364\000n\000g\000\040\000T\000\340\000i\000\040\000l\000i\036\307\000u}{subsection.3.1}% 35
\BOOKMARK [3][-]{subsubsection.3.1.4}{\376\377\001\020\036\331\000n\000g\000\040\000c\001\241\000\040\000G\036\343\000i\000\040\000\375\000\040\000T\000\340\000i\000\040\000l\000i\036\307\000u\000\040\000b\036\261\000n\000g\000\040\000A\000I}{subsection.3.1}% 36
\BOOKMARK [3][-]{subsubsection.3.1.5}{\376\377\000T\000\354\000m\000\040\000k\000i\036\277\000m\000\040\000N\000g\000\364\000n\000\040\000n\000g\036\357\000\040\000T\036\361\000\040\000n\000h\000i\000\352\000n\000\040\000A\000I\000\040\000v\000\340\000\040\000T\001\260\001\241\000n\000g\000\040\000t\000\341\000c\000\040\000T\000h\000\364\000n\000g\000\040\000m\000i\000n\000h}{subsection.3.1}% 37
\BOOKMARK [3][-]{subsubsection.3.1.6}{\376\377\000B\000i\000\352\000n\000\040\000m\036\345\000c\000\040\000v\000\340\000\040\000T\000\363\000m\000\040\000t\036\257\000t\000\040\000H\036\327\000\040\000t\000r\036\343\000\040\000b\036\337\000i\000\040\000A\000I}{subsection.3.1}% 38
\BOOKMARK [3][-]{subsubsection.3.1.7}{\376\377\000T\000h\000\364\000n\000g\000\040\000b\000\341\000o\000\040\000v\000\340\000\040\000T\001\260\001\241\000n\000g\000\040\000t\000\341\000c}{subsection.3.1}% 39
\BOOKMARK [3][-]{subsubsection.3.1.8}{\376\377\000B\000\341\000o\000\040\000c\000\341\000o\000\040\000v\000\340\000\040\000P\000h\000\342\000n\000\040\000t\000\355\000c\000h}{subsection.3.1}% 40
\BOOKMARK [3][-]{subsubsection.3.1.9}{\376\377\000Q\000u\036\243\000n\000\040\000t\000r\036\313\000\040\000v\000\340\000\040\000C\036\245\000u\000\040\000h\000\354\000n\000h\000\040\000H\036\307\000\040\000t\000h\036\321\000n\000g}{subsection.3.1}% 41
\BOOKMARK [2][-]{subsection.3.2}{\376\377\000Y\000\352\000u\000\040\000c\036\247\000u\000\040\000P\000h\000i\000\040\000C\000h\036\351\000c\000\040\000n\001\003\000n\000g}{section.3}% 42
\BOOKMARK [1][-]{section.4}{\376\377\001\020\036\267\000c\000\040\000t\036\243\000\040\000C\000h\000i\000\040\000t\000i\036\277\000t\000\040\000c\000\341\000c\000\040\000U\000s\000e\000-\000c\000a\000s\000e}{}% 43
\BOOKMARK [2][-]{subsection.4.1}{\376\377\000Q\000u\036\243\000n\000\040\000l\000\375\000\040\000T\000\340\000i\000\040\000k\000h\000o\036\243\000n\000\040\000v\000\340\000\040\000T\000r\000u\000y\000\040\000c\036\255\000p\000\040\000N\000g\001\260\036\335\000i\000\040\000d\000\371\000n\000g}{section.4}% 44
\BOOKMARK [3][-]{subsubsection.4.1.1}{\376\377\000T\036\325\000n\000g\000\040\000q\000u\000a\000n}{subsection.4.1}% 45
\BOOKMARK [3][-]{subsubsection.4.1.2}{\376\377\001\020\036\267\000c\000\040\000t\036\243\000\040\000C\000h\000i\000\040\000t\000i\036\277\000t}{subsection.4.1}% 46
\BOOKMARK [2][-]{subsection.4.2}{\376\377\000Q\000u\036\243\000n\000\040\000l\000\375\000\040\000D\000a\000n\000h\000\040\000m\036\345\000c\000\040\000v\000\340\000\040\000D\036\357\000\040\000l\000i\036\307\000u\000\040\000t\036\243}{section.4}% 47
\BOOKMARK [3][-]{subsubsection.4.2.1}{\376\377\000T\036\325\000n\000g\000\040\000q\000u\000a\000n}{subsection.4.2}% 48
\BOOKMARK [3][-]{subsubsection.4.2.2}{\376\377\001\020\036\267\000c\000\040\000t\036\243\000\040\000C\000h\000i\000\040\000t\000i\036\277\000t}{subsection.4.2}% 49
\BOOKMARK [2][-]{subsection.4.3}{\376\377\000Q\000u\036\243\000n\000\040\000l\000\375\000\040\000L\001\260\000u\000\040\000t\000h\000\364\000n\000g\000\040\000T\000\340\000i\000\040\000l\000i\036\307\000u}{section.4}% 50
\BOOKMARK [3][-]{subsubsection.4.3.1}{\376\377\000T\036\325\000n\000g\000\040\000q\000u\000a\000n}{subsection.4.3}% 51
\BOOKMARK [3][-]{subsubsection.4.3.2}{\376\377\001\020\036\267\000c\000\040\000t\036\243\000\040\000C\000h\000i\000\040\000t\000i\036\277\000t}{subsection.4.3}% 52
\BOOKMARK [2][-]{subsection.4.4}{\376\377\000T\000r\000u\000y\000\040\000c\036\255\000p\000\040\000v\000\340\000\040\000K\000h\000a\000i\000\040\000t\000h\000\341\000c\000\040\000T\000\340\000i\000\040\000n\000g\000u\000y\000\352\000n}{section.4}% 53
\BOOKMARK [3][-]{subsubsection.4.4.1}{\376\377\000T\036\325\000n\000g\000\040\000q\000u\000a\000n}{subsection.4.4}% 54
\BOOKMARK [3][-]{subsubsection.4.4.2}{\376\377\001\020\036\267\000c\000\040\000t\036\243\000\040\000C\000h\000i\000\040\000t\000i\036\277\000t}{subsection.4.4}% 55
\BOOKMARK [2][-]{subsection.4.5}{\376\377\000T\001\260\001\241\000n\000g\000\040\000t\000\341\000c\000\040\000T\000h\000\364\000n\000g\000\040\000m\000i\000n\000h}{section.4}% 56
\BOOKMARK [3][-]{subsubsection.4.5.1}{\376\377\000T\036\325\000n\000g\000\040\000q\000u\000a\000n}{subsection.4.5}% 57
\BOOKMARK [3][-]{subsubsection.4.5.2}{\376\377\001\020\036\267\000c\000\040\000t\036\243\000\040\000C\000h\000i\000\040\000t\000i\036\277\000t}{subsection.4.5}% 58
\BOOKMARK [2][-]{subsection.4.6}{\376\377\000T\000h\000\364\000n\000g\000\040\000b\000\341\000o\000\040\000v\000\340\000\040\000T\001\260\001\241\000n\000g\000\040\000t\000\341\000c}{section.4}% 59
\BOOKMARK [3][-]{subsubsection.4.6.1}{\376\377\000T\036\325\000n\000g\000\040\000q\000u\000a\000n}{subsection.4.6}% 60
\BOOKMARK [3][-]{subsubsection.4.6.2}{\376\377\001\020\036\267\000c\000\040\000t\036\243\000\040\000C\000h\000i\000\040\000t\000i\036\277\000t}{subsection.4.6}% 61
\BOOKMARK [2][-]{subsection.4.7}{\376\377\000B\000\341\000o\000\040\000c\000\341\000o\000\040\000v\000\340\000\040\000Q\000u\036\243\000n\000\040\000t\000r\036\313\000\040\000H\036\307\000\040\000t\000h\036\321\000n\000g}{section.4}% 62
\BOOKMARK [3][-]{subsubsection.4.7.1}{\376\377\000T\036\325\000n\000g\000\040\000q\000u\000a\000n}{subsection.4.7}% 63
\BOOKMARK [3][-]{subsubsection.4.7.2}{\376\377\001\020\036\267\000c\000\040\000t\036\243\000\040\000C\000h\000i\000\040\000t\000i\036\277\000t}{subsection.4.7}% 64
\BOOKMARK [1][-]{section.5}{\376\377\000P\000h\000\342\000n\000\040\000t\000\355\000c\000h\000\040\000v\000\340\000\040\000T\000h\000i\036\277\000t\000\040\000k\036\277\000\040\000H\036\307\000\040\000t\000h\036\321\000n\000g}{}% 65
\BOOKMARK [2][-]{subsection.5.1}{\376\377\000K\000i\036\277\000n\000\040\000t\000r\000\372\000c\000\040\000H\036\307\000\040\000t\000h\036\321\000n\000g}{section.5}% 66
\BOOKMARK [3][-]{subsubsection.5.1.1}{\376\377\000T\036\247\000n\000g\000\040\000G\000i\000a\000o\000\040\000d\000i\036\307\000n\000\040\000\050\000P\000r\000e\000s\000e\000n\000t\000a\000t\000i\000o\000n\000\040\000T\000i\000e\000r\000\051}{subsection.5.1}% 67
\BOOKMARK [3][-]{subsubsection.5.1.2}{\376\377\000T\036\247\000n\000g\000\040\036\350\000n\000g\000\040\000d\036\345\000n\000g\000\040\000\050\000A\000p\000p\000l\000i\000c\000a\000t\000i\000o\000n\000\040\000T\000i\000e\000r\000\051}{subsection.5.1}% 68
\BOOKMARK [3][-]{subsubsection.5.1.3}{\376\377\000T\036\247\000n\000g\000\040\000D\036\357\000\040\000l\000i\036\307\000u\000\040\000\050\000D\000a\000t\000a\000\040\000T\000i\000e\000r\000\051}{subsection.5.1}% 69
\BOOKMARK [2][-]{subsection.5.2}{\376\377\000T\000h\000i\036\277\000t\000\040\000k\036\277\000\040\000C\001\241\000\040\000s\036\337\000\040\000D\036\357\000\040\000l\000i\036\307\000u}{section.5}% 70
\BOOKMARK [3][-]{subsubsection.5.2.1}{\376\377\000M\000\364\000\040\000t\036\243\000\040\000T\000h\036\361\000c\000\040\000t\000h\036\303}{subsection.5.2}% 71
\BOOKMARK [3][-]{subsubsection.5.2.2}{\376\377\000S\001\241\000\040\001\021\036\323\000\040\000T\000h\036\361\000c\000\040\000t\000h\036\303\000\040\000P\000h\000\342\000n\000\040\000c\036\245\000p\000\040\000N\000\342\000n\000g\000\040\000c\000a\000o\000\040\000\050\000E\000E\000R\000D\000\051}{subsection.5.2}% 72
\BOOKMARK [3][-]{subsubsection.5.2.3}{\376\377\000L\001\260\036\343\000c\000\040\001\021\036\323\000\040\000C\001\241\000\040\000s\036\337\000\040\000D\036\357\000\040\000l\000i\036\307\000u}{subsection.5.2}% 73
\BOOKMARK [2][-]{subsection.5.3}{\376\377\000S\001\241\000\040\001\021\036\323\000\040\000L\036\333\000p\000\040\000\050\000C\000l\000a\000s\000s\000\040\000D\000i\000a\000g\000r\000a\000m\000\051}{section.5}% 74
\BOOKMARK [3][-]{subsubsection.5.3.1}{\376\377\000Q\000u\036\243\000n\000\040\000l\000\375\000\040\000T\000\340\000i\000\040\000k\000h\000o\036\243\000n\000\040\000v\000\340\000\040\000T\000r\000u\000y\000\040\000c\036\255\000p}{subsection.5.3}% 75
\BOOKMARK [3][-]{subsubsection.5.3.2}{\376\377\000Q\000u\036\243\000n\000\040\000l\000\375\000\040\000D\000a\000n\000h\000\040\000m\036\345\000c\000\040\000S\000\341\000c\000h}{subsection.5.3}% 76
\BOOKMARK [3][-]{subsubsection.5.3.3}{\376\377\000Q\000u\036\243\000n\000\040\000l\000\375\000\040\000L\001\260\000u\000\040\000t\000h\000\364\000n\000g\000\040\000T\000\340\000i\000\040\000l\000i\036\307\000u}{subsection.5.3}% 77
\BOOKMARK [3][-]{subsubsection.5.3.4}{\376\377\000T\000\354\000m\000\040\000k\000i\036\277\000m\000\040\000v\000\340\000\040\000K\000h\000a\000i\000\040\000t\000h\000\341\000c\000\040\000T\000\340\000i\000\040\000n\000g\000u\000y\000\352\000n}{subsection.5.3}% 78
\BOOKMARK [3][-]{subsubsection.5.3.5}{\376\377\000T\000r\036\343\000\040\000l\000\375\000\040\036\242\000o\000\040\000A\000I\000\040\000v\000\340\000\040\000G\036\343\000i\000\040\000\375}{subsection.5.3}% 79
\BOOKMARK [3][-]{subsubsection.5.3.6}{\376\377\000T\000h\000\364\000n\000g\000\040\000b\000\341\000o\000\040\000v\000\340\000\040\000T\001\260\001\241\000n\000g\000\040\000t\000\341\000c}{subsection.5.3}% 80
\BOOKMARK [3][-]{subsubsection.5.3.7}{\376\377\000Q\000u\036\243\000n\000\040\000t\000r\036\313\000\040\000H\036\307\000\040\000t\000h\036\321\000n\000g}{subsection.5.3}% 81
\BOOKMARK [2][-]{subsection.5.4}{\376\377\000S\001\241\000\040\001\021\036\323\000\040\000H\000o\036\241\000t\000\040\001\021\036\331\000n\000g\000\040\000\050\000A\000c\000t\000i\000v\000i\000t\000y\000\040\000D\000i\000a\000g\000r\000a\000m\000s\000\051}{section.5}% 82
\BOOKMARK [3][-]{subsubsection.5.4.1}{\376\377\001\020\001\003\000n\000g\000\040\000k\000\375\000\040\000T\000\340\000i\000\040\000k\000h\000o\036\243\000n}{subsection.5.4}% 83
\BOOKMARK [3][-]{subsubsection.5.4.2}{\376\377\001\020\001\003\000n\000g\000\040\000n\000h\036\255\000p\000\040\000H\036\307\000\040\000t\000h\036\321\000n\000g}{subsection.5.4}% 84
\BOOKMARK [3][-]{subsubsection.5.4.3}{\376\377\001\020\036\267\000t\000\040\000l\036\241\000i\000\040\000M\036\255\000t\000\040\000k\000h\036\251\000u}{subsection.5.4}% 85
\BOOKMARK [3][-]{subsubsection.5.4.4}{\376\377\000X\000e\000m\000\040\000L\036\313\000c\000h\000\040\000s\036\355\000\040\000M\001\260\036\343\000n\000/\000T\000r\036\243}{subsection.5.4}% 86
\BOOKMARK [3][-]{subsubsection.5.4.5}{\376\377\000Q\000u\036\243\000n\000\040\000l\000\375\000\040\000T\000\340\000i\000\040\000k\000h\000o\036\243\000n\000\040\000N\000g\001\260\036\335\000i\000\040\000d\000\371\000n\000g}{subsection.5.4}% 87
\BOOKMARK [3][-]{subsubsection.5.4.6}{\376\377\000T\000h\000\352\000m\000\040\000/\000\040\000S\036\355\000a\000\040\000/\000\040\000X\000\363\000a\000\040\000B\036\243\000n\000\040\000g\000h\000i\000\040\000D\000a\000n\000h\000\040\000m\036\345\000c}{subsection.5.4}% 88
\BOOKMARK [3][-]{subsubsection.5.4.7}{\376\377\000N\000h\036\255\000p\000\040\000D\036\357\000\040\000l\000i\036\307\000u\000\040\000D\000a\000n\000h\000\040\000m\036\345\000c\000\040\000H\000\340\000n\000g\000\040\000l\000o\036\241\000t}{subsection.5.4}% 89
\BOOKMARK [3][-]{subsubsection.5.4.8}{\376\377\000B\000i\000\352\000n\000\040\000m\036\345\000c\000\040\000T\036\361\000\040\001\021\036\331\000n\000g\000\040\000q\000u\000a\000\040\000I\000S\000B\000N}{subsection.5.4}% 90
\BOOKMARK [3][-]{subsubsection.5.4.9}{\376\377\000M\001\260\036\343\000n\000\040\000T\000\340\000i\000\040\000l\000i\036\307\000u\000\040\000V\036\255\000t\000\040\000l\000\375}{subsection.5.4}% 91
\BOOKMARK [3][-]{subsubsection.5.4.10}{\376\377\000T\000r\036\243\000\040\000T\000\340\000i\000\040\000l\000i\036\307\000u}{subsection.5.4}% 92
\BOOKMARK [3][-]{subsubsection.5.4.11}{\376\377\000T\000\355\000n\000h\000\040\000v\000\340\000\040\000T\000h\000u\000\040\000P\000h\036\241\000t\000\040\000Q\000u\000\341\000\040\000h\036\241\000n}{subsection.5.4}% 93
\BOOKMARK [3][-]{subsubsection.5.4.12}{\376\377\000G\000i\000a\000\040\000h\036\241\000n\000\040\000M\001\260\036\343\000n\000\040\000T\000r\036\361\000c\000\040\000t\000u\000y\036\277\000n}{subsection.5.4}% 94
\BOOKMARK [3][-]{subsubsection.5.4.13}{\376\377\001\020\036\267\000t\000\040\000G\000i\036\357\000\040\000c\000h\036\327\000\040\000T\000\340\000i\000\040\000l\000i\036\307\000u}{subsection.5.4}% 95
\BOOKMARK [3][-]{subsubsection.5.4.14}{\376\377\000T\000\354\000m\000\040\000k\000i\036\277\000m\000\040\000D\000a\000n\000h\000\040\000m\036\345\000c\000\040\000T\000\340\000i\000\040\000l\000i\036\307\000u}{subsection.5.4}% 96
\BOOKMARK [2][-]{subsection.5.5}{\376\377\000S\001\241\000\040\001\021\036\323\000\040\000T\000u\036\247\000n\000\040\000t\036\361\000\040\000\050\000S\000e\000q\000u\000e\000n\000c\000e\000\040\000D\000i\000a\000g\000r\000a\000m\000s\000\051}{section.5}% 97
\BOOKMARK [3][-]{subsubsection.5.5.1}{\376\377\001\020\001\003\000n\000g\000\040\000k\000\375\000\040\000T\000\340\000i\000\040\000k\000h\000o\036\243\000n}{subsection.5.5}% 98
\BOOKMARK [3][-]{subsubsection.5.5.2}{\376\377\001\020\001\003\000n\000g\000\040\000n\000h\036\255\000p\000\040\000H\036\307\000\040\000t\000h\036\321\000n\000g}{subsection.5.5}% 99
\BOOKMARK [3][-]{subsubsection.5.5.3}{\376\377\001\020\036\267\000t\000\040\000l\036\241\000i\000\040\000M\036\255\000t\000\040\000k\000h\036\251\000u\000\040\000T\000\340\000i\000\040\000k\000h\000o\036\243\000n}{subsection.5.5}% 100
\BOOKMARK [3][-]{subsubsection.5.5.4}{\376\377\000T\000\354\000m\000\040\000k\000i\036\277\000m\000\040\000T\000\340\000i\000\040\000l\000i\036\307\000u}{subsection.5.5}% 101
\BOOKMARK [3][-]{subsubsection.5.5.5}{\376\377\000T\000h\000\352\000m\000\040\000/\000\040\000S\036\355\000a\000\040\000/\000\040\000X\000\363\000a\000\040\000T\000\340\000i\000\040\000l\000i\036\307\000u}{subsection.5.5}% 102
\BOOKMARK [0][-]{subsubsubsection.5.5.5.1}{\376\377\000T\000h\000\352\000m\000\040\000T\000\340\000i\000\040\000l\000i\036\307\000u}{}% 103
\BOOKMARK [0][-]{subsubsubsection.5.5.5.2}{\376\377\000S\036\355\000a\000\040\000T\000\340\000i\000\040\000l\000i\036\307\000u}{}% 104
\BOOKMARK [0][-]{subsubsubsection.5.5.5.3}{\376\377\000X\000\363\000a\000\040\000T\000\340\000i\000\040\000l\000i\036\307\000u}{}% 105
\BOOKMARK [1][-]{subsubsection.5.5.6}{\376\377\000N\000h\036\255\000p\000\040\000T\000\340\000i\000\040\000l\000i\036\307\000u\000\040\000H\000\340\000n\000g\000\040\000l\000o\036\241\000t}{subsubsubsection.5.5.5.3}% 106
\BOOKMARK [2][-]{subsubsection.5.5.7}{\376\377\001\020\036\267\000t\000\040\000G\000i\036\357\000\040\000c\000h\036\327\000\040\000T\000\340\000i\000\040\000l\000i\036\307\000u}{subsubsection.5.5.6}% 107
\BOOKMARK [3][-]{subsubsection.5.5.8}{\376\377\000C\036\255\000p\000\040\000n\000h\036\255\000t\000\040\000T\000\355\000n\000h\000\040\000P\000h\036\241\000t}{subsubsection.5.5.7}% 108
\BOOKMARK [3][-]{subsubsection.5.5.9}{\376\377\000X\036\355\000\040\000l\000\375\000\040\000M\001\260\036\343\000n\000\040\000T\000\340\000i\000\040\000l\000i\036\307\000u}{subsubsection.5.5.7}% 109
\BOOKMARK [3][-]{subsubsection.5.5.10}{\376\377\000G\000i\000a\000\040\000h\036\241\000n\000\040\000M\001\260\036\343\000n\000\040\000T\000\340\000i\000\040\000l\000i\036\307\000u}{subsubsection.5.5.7}% 110
\BOOKMARK [3][-]{subsubsection.5.5.11}{\376\377\000T\000r\036\243\000\040\000T\000\340\000i\000\040\000l\000i\036\307\000u}{subsubsection.5.5.7}% 111
\BOOKMARK [1][-]{section.6}{\376\377\000H\000i\036\307\000n\000\040\000t\000h\036\361\000c\000\040\000H\036\307\000\040\000t\000h\036\321\000n\000g}{subsubsubsection.5.5.5.3}% 112
\BOOKMARK [2][-]{subsection.6.1}{\376\377\000T\036\255\000p\000\040\000c\000\364\000n\000g\000\040\000n\000g\000h\036\307\000\040\000\050\000T\000e\000c\000h\000n\000o\000l\000o\000g\000y\000\040\000S\000t\000a\000c\000k\000\051}{section.6}% 113
\BOOKMARK [3][-]{subsubsection.6.1.1}{\376\377\000F\000r\000o\000n\000t\000-\000e\000n\000d\000:\000\040\000R\000e\000a\000c\000t\000.\000j\000s\000\040\000v\000\340\000\040\000V\000i\000t\000e}{subsection.6.1}% 114
\BOOKMARK [3][-]{subsubsection.6.1.2}{\376\377\000B\000a\000c\000k\000-\000e\000n\000d\000:\000\040\000N\000o\000d\000e\000.\000j\000s\000\040\000v\000\340\000\040\000E\000x\000p\000r\000e\000s\000s}{subsection.6.1}% 115
\BOOKMARK [3][-]{subsubsection.6.1.3}{\376\377\000D\036\313\000c\000h\000\040\000v\036\345\000\040\000A\000I\000\040\000M\000i\000c\000r\000o\000s\000e\000r\000v\000i\000c\000e\000\040\000C\000h\000u\000y\000\352\000n\000\040\000b\000i\036\307\000t\000:\000\040\000P\000y\000t\000h\000o\000n\000\040\000v\000\340\000\040\000F\000a\000s\000t\000A\000P\000I}{subsection.6.1}% 116
\BOOKMARK [3][-]{subsubsection.6.1.4}{\376\377\000O\000R\000M\000:\000\040\000P\000r\000i\000s\000m\000a}{subsection.6.1}% 117
\BOOKMARK [3][-]{subsubsection.6.1.5}{\376\377\000C\001\241\000\040\000s\036\337\000\040\000D\036\357\000\040\000l\000i\036\307\000u\000\040\000Q\000u\000a\000n\000\040\000h\036\307\000:\000\040\000P\000o\000s\000t\000g\000r\000e\000S\000Q\000L}{subsection.6.1}% 118
\BOOKMARK [3][-]{subsubsection.6.1.6}{\376\377\000K\000h\000o\000\040\000L\001\260\000u\000\040\000t\000r\036\357\000\040\000V\000e\000c\000t\000o\000r\000\040\000v\000\340\000\040\000E\000m\000b\000e\000d\000d\000i\000n\000g\000s\000:\000\040\000p\000g\000v\000e\000c\000t\000o\000r}{subsection.6.1}% 119
\BOOKMARK [3][-]{subsubsection.6.1.7}{\376\377\000C\000h\000i\036\277\000n\000\040\000l\001\260\036\343\000c\000\040\000T\000\354\000m\000\040\000k\000i\036\277\000m\000\040\000K\036\277\000t\000\040\000h\036\343\000p\000\040\000\050\000H\000y\000b\000r\000i\000d\000\040\000S\000e\000a\000r\000c\000h\000\051}{subsection.6.1}% 120
\BOOKMARK [3][-]{subsubsection.6.1.8}{\376\377\000A\000n\000\040\000n\000i\000n\000h\000\040\000v\000\340\000\040\000X\000\341\000c\000\040\000t\000h\036\361\000c\000:\000\040\000J\000W\000T\000,\000\040\000R\000B\000A\000C\000\040\000v\000\340\000\040\000O\000T\000P}{subsection.6.1}% 121
\BOOKMARK [3][-]{subsubsection.6.1.9}{\376\377\000T\000\355\000c\000h\000\040\000h\036\343\000p\000\040\000B\000\352\000n\000\040\000n\000g\000o\000\340\000i\000:\000\040\000O\000p\000e\000n\000\040\000L\000i\000b\000r\000a\000r\000y\000,\000\040\000G\000o\000o\000g\000l\000e\000\040\000B\000o\000o\000k\000s\000\040\000v\000\340\000\040\000N\000o\000d\000e\000m\000a\000i\000l\000e\000r}{subsection.6.1}% 122
\BOOKMARK [2][-]{subsection.6.2}{\376\377\000M\000\364\000-\001\021\000u\000n\000\040\000X\000\341\000c\000\040\000t\000h\036\361\000c}{section.6}% 123
\BOOKMARK [3][-]{subsubsection.6.2.1}{\376\377\000H\000i\036\307\000n\000\040\000t\000h\036\361\000c\000\040\000G\000i\000a\000o\000\040\000d\000i\036\307\000n\000\040\000N\000g\001\260\036\335\000i\000\040\000d\000\371\000n\000g}{subsection.6.2}% 124
\BOOKMARK [3][-]{subsubsection.6.2.2}{\376\377\000C\000\341\000c\000\040\001\020\000i\036\303\000m\000\040\000s\000\341\000n\000g\000\040\000H\000i\036\307\000n\000\040\000t\000h\036\361\000c\000\040\000K\036\371\000\040\000t\000h\000u\036\255\000t}{subsection.6.2}% 125
\BOOKMARK [2][-]{subsection.6.3}{\376\377\000M\000\364\000-\001\021\000u\000n\000\040\001\020\036\331\000c\000\040\000g\000i\036\243}{section.6}% 126
\BOOKMARK [3][-]{subsubsection.6.3.1}{\376\377\000H\000i\036\307\000n\000\040\000t\000h\036\361\000c\000\040\000G\000i\000a\000o\000\040\000d\000i\036\307\000n\000\040\000N\000g\001\260\036\335\000i\000\040\000d\000\371\000n\000g}{subsection.6.3}% 127
\BOOKMARK [3][-]{subsubsection.6.3.2}{\376\377\000C\000\341\000c\000\040\001\020\000i\036\303\000m\000\040\000s\000\341\000n\000g\000\040\000H\000i\036\307\000n\000\040\000t\000h\036\361\000c\000\040\000K\036\371\000\040\000t\000h\000u\036\255\000t}{subsection.6.3}% 128
\BOOKMARK [2][-]{subsection.6.4}{\376\377\000M\000\364\000-\001\021\000u\000n\000\040\000T\000h\036\347\000\040\000t\000h\001\260}{section.6}% 129
\BOOKMARK [3][-]{subsubsection.6.4.1}{\376\377\000H\000i\036\307\000n\000\040\000t\000h\036\361\000c\000\040\000G\000i\000a\000o\000\040\000d\000i\036\307\000n\000\040\000N\000g\001\260\036\335\000i\000\040\000d\000\371\000n\000g}{subsection.6.4}% 130
\BOOKMARK [3][-]{subsubsection.6.4.2}{\376\377\000C\000\341\000c\000\040\001\020\000i\036\303\000m\000\040\000s\000\341\000n\000g\000\040\000H\000i\036\307\000n\000\040\000t\000h\036\361\000c\000\040\000K\036\371\000\040\000t\000h\000u\036\255\000t}{subsection.6.4}% 131
\BOOKMARK [2][-]{subsection.6.5}{\376\377\000M\000\364\000-\001\021\000u\000n\000\040\000Q\000u\036\243\000n\000\040\000t\000r\036\313\000\040\000v\000i\000\352\000n}{section.6}% 132
\BOOKMARK [3][-]{subsubsection.6.5.1}{\376\377\000H\000i\036\307\000n\000\040\000t\000h\036\361\000c\000\040\000G\000i\000a\000o\000\040\000d\000i\036\307\000n\000\040\000N\000g\001\260\036\335\000i\000\040\000d\000\371\000n\000g}{subsection.6.5}% 133
\BOOKMARK [3][-]{subsubsection.6.5.2}{\376\377\000C\000\341\000c\000\040\001\020\000i\036\303\000m\000\040\000s\000\341\000n\000g\000\040\000H\000i\036\307\000n\000\040\000t\000h\036\361\000c\000\040\000K\036\371\000\040\000t\000h\000u\036\255\000t}{subsection.6.5}% 134
\BOOKMARK [2][-]{subsection.6.6}{\376\377\000G\000i\000a\000i\000\040\001\021\000o\036\241\000n\000\040\000T\000r\000i\036\303\000n\000\040\000k\000h\000a\000i}{section.6}% 135
\BOOKMARK [3][-]{subsubsection.6.6.1}{\376\377\000T\000r\000i\036\303\000n\000\040\000k\000h\000a\000i\000\040\000F\000r\000o\000n\000t\000e\000n\000d}{subsection.6.6}% 136
\BOOKMARK [3][-]{subsubsection.6.6.2}{\376\377\000T\000r\000i\036\303\000n\000\040\000k\000h\000a\000i\000\040\000B\000a\000c\000k\000e\000n\000d}{subsection.6.6}% 137
\BOOKMARK [3][-]{subsubsection.6.6.3}{\376\377\000T\000r\000i\036\303\000n\000\040\000k\000h\000a\000i\000\040\000D\036\313\000c\000h\000\040\000v\036\345\000\040\000A\000I}{subsection.6.6}% 138
\BOOKMARK [3][-]{subsubsection.6.6.4}{\376\377\000T\000\355\000c\000h\000\040\000h\036\343\000p\000\040\000H\036\307\000\040\000t\000h\036\321\000n\000g}{subsection.6.6}% 139
\BOOKMARK [1][-]{section.7}{\376\377\000K\000i\036\303\000m\000\040\000t\000h\036\355\000\040\000H\036\307\000\040\000t\000h\036\321\000n\000g}{subsubsubsection.5.5.5.3}% 140
\BOOKMARK [2][-]{subsection.7.1}{\376\377\000M\036\345\000c\000\040\000t\000i\000\352\000u\000\040\000v\000\340\000\040\000M\000\364\000i\000\040\000t\000r\001\260\036\335\000n\000g\000\040\000K\000i\036\303\000m\000\040\000t\000h\036\355}{section.7}% 141
\BOOKMARK [2][-]{subsection.7.2}{\376\377\000K\000i\036\303\000m\000\040\000t\000h\036\355\000\040\001\020\001\241\000n\000\040\000v\036\313\000\040\000\050\000U\000n\000i\000t\000\040\000T\000e\000s\000t\000i\000n\000g\000\051}{section.7}% 142
\BOOKMARK [2][-]{subsection.7.3}{\376\377\000K\000i\036\303\000m\000\040\000t\000h\036\355\000\040\000T\000\355\000c\000h\000\040\000h\036\343\000p\000\040\000\050\000I\000n\000t\000e\000g\000r\000a\000t\000i\000o\000n\000\040\000T\000e\000s\000t\000i\000n\000g\000\051}{section.7}% 143
\BOOKMARK [2][-]{subsection.7.4}{\376\377\000K\000i\036\303\000m\000\040\000t\000h\036\355\000\040\000H\036\307\000\040\000t\000h\036\321\000n\000g\000\040\000\050\000S\000y\000s\000t\000e\000m\000\040\000T\000e\000s\000t\000i\000n\000g\000\051}{section.7}% 144
\BOOKMARK [2][-]{subsection.7.5}{\376\377\000K\000i\036\303\000m\000\040\000t\000h\036\355\000\040\000C\000h\036\245\000t\000\040\000l\001\260\036\343\000n\000g\000\040\000M\000\343\000\040\000n\000g\000u\036\323\000n\000\040\000\050\000C\000o\000d\000e\000\040\000Q\000u\000a\000l\000i\000t\000y\000\040\000T\000e\000s\000t\000i\000n\000g\000\051}{section.7}% 145
\BOOKMARK [2][-]{subsection.7.6}{\376\377\000T\036\325\000n\000g\000\040\000k\036\277\000t\000\040\000K\000i\036\303\000m\000\040\000t\000h\036\355}{section.7}% 146
\BOOKMARK [1][-]{section.8}{\376\377\001\020\000\341\000n\000h\000\040\000g\000i\000\341\000\040\000c\000\341\000c\000\040\000T\000\355\000n\000h\000\040\000n\001\003\000n\000g\000\040\000A\000I}{subsubsubsection.5.5.5.3}% 147
\BOOKMARK [2][-]{subsection.8.1}{\376\377\000T\036\241\000i\000\040\000s\000a\000o\000\040\000K\000i\036\303\000m\000\040\000t\000h\036\355\000\040\000T\000r\000u\000y\036\301\000n\000\040\000t\000h\036\321\000n\000g\000\040\000K\000h\000\364\000n\000g\000\040\001\020\036\347\000\040\000c\000h\000o\000\040\000A\000I}{section.8}% 148
\BOOKMARK [2][-]{subsection.8.2}{\376\377\000P\000h\001\260\001\241\000n\000g\000\040\000p\000h\000\341\000p\000\040\000l\000u\036\255\000n\000\040\000A\000I\000-\000a\000s\000-\000a\000-\000J\000u\000d\000g\000e}{section.8}% 149
\BOOKMARK [3][-]{subsubsection.8.2.1}{\376\377\000C\000\341\000c\000\040\000C\000h\036\311\000\040\000s\036\321\000\040\001\020\000\341\000n\000h\000\040\000g\000i\000\341\000\040\000C\000h\000a\000t\000b\000o\000t\000\040\000\050\000K\000h\000u\000n\000g\000\040\000R\000A\000G\000\051}{subsection.8.2}% 150
\BOOKMARK [3][-]{subsubsection.8.2.2}{\376\377\000C\000\341\000c\000\040\000C\000h\036\311\000\040\000s\036\321\000\040\001\020\000\341\000n\000h\000\040\000g\000i\000\341\000\040\000T\000\354\000m\000\040\000k\000i\036\277\000m\000\040\000N\000g\036\357\000\040\000n\000g\000h\001\051\000a}{subsection.8.2}% 151
\BOOKMARK [2][-]{subsection.8.3}{\376\377\000K\036\277\000t\000\040\000q\000u\036\243\000\040\001\020\000\341\000n\000h\000\040\000g\000i\000\341\000\040\000C\000h\000a\000t\000b\000o\000t\000\040\000\050\000R\000A\000G\000\051}{section.8}% 152
\BOOKMARK [3][-]{subsubsection.8.3.1}{\376\377\000T\000h\000i\036\277\000t\000\040\000l\036\255\000p\000\040\000B\036\331\000\040\000d\036\357\000\040\000l\000i\036\307\000u\000\040\000K\000i\036\303\000m\000\040\000t\000h\036\355}{subsection.8.3}% 153
\BOOKMARK [3][-]{subsubsection.8.3.2}{\376\377\000B\036\243\000n\000g\000\040\000K\036\277\000t\000\040\000q\000u\036\243\000\040\001\020\000\341\000n\000h\000\040\000g\000i\000\341\000\040\000C\000h\000a\000t\000b\000o\000t\000\040\000C\000h\000i\000\040\000t\000i\036\277\000t}{subsection.8.3}% 154
\BOOKMARK [3][-]{subsubsection.8.3.3}{\376\377\000P\000h\000\342\000n\000\040\000t\000\355\000c\000h\000\040\000K\036\277\000t\000\040\000q\000u\036\243\000\040\001\020\000\341\000n\000h\000\040\000g\000i\000\341\000\040\000C\000h\000a\000t\000b\000o\000t}{subsection.8.3}% 155
\BOOKMARK [2][-]{subsection.8.4}{\376\377\000K\036\277\000t\000\040\000q\000u\036\243\000\040\001\020\000\341\000n\000h\000\040\000g\000i\000\341\000\040\000T\000\354\000m\000\040\000k\000i\036\277\000m\000\040\000N\000g\036\357\000\040\000n\000g\000h\001\051\000a\000\040\000\050\000S\000e\000m\000a\000n\000t\000i\000c\000\040\000S\000e\000a\000r\000c\000h\000\051}{section.8}% 156
\BOOKMARK [3][-]{subsubsection.8.4.1}{\376\377\000T\000h\000i\036\277\000t\000\040\000l\036\255\000p\000\040\000B\036\331\000\040\000d\036\357\000\040\000l\000i\036\307\000u\000\040\000K\000i\036\303\000m\000\040\000t\000h\036\355}{subsection.8.4}% 157
\BOOKMARK [3][-]{subsubsection.8.4.2}{\376\377\000T\036\325\000n\000g\000\040\000h\036\343\000p\000\040\000C\000h\036\311\000\040\000s\036\321\000\040\001\020\000\341\000n\000h\000\040\000g\000i\000\341}{subsection.8.4}% 158
\BOOKMARK [3][-]{subsubsection.8.4.3}{\376\377\000B\036\243\000n\000g\000\040\000K\036\277\000t\000\040\000q\000u\036\243\000\040\001\020\000\341\000n\000h\000\040\000g\000i\000\341\000\040\000T\000\354\000m\000\040\000k\000i\036\277\000m\000\040\000C\000h\000i\000\040\000t\000i\036\277\000t}{subsection.8.4}% 159
\BOOKMARK [3][-]{subsubsection.8.4.4}{\376\377\000P\000h\000\342\000n\000\040\000t\000\355\000c\000h\000\040\000H\000i\036\307\000u\000\040\000n\001\003\000n\000g\000\040\000T\000\354\000m\000\040\000k\000i\036\277\000m}{subsection.8.4}% 160
\BOOKMARK [1][-]{section.9}{\376\377\000T\036\325\000n\000g\000\040\000k\036\277\000t\000\040\000v\000\340\000\040\000H\001\260\036\333\000n\000g\000\040\000p\000h\000\341\000t\000\040\000t\000r\000i\036\303\000n}{subsubsubsection.5.5.5.3}% 161
\BOOKMARK [2][-]{subsection.9.1}{\376\377\000K\036\277\000t\000\040\000q\000u\036\243\000\040\001\021\036\241\000t\000\040\001\021\001\260\036\343\000c}{section.9}% 162
\BOOKMARK [2][-]{subsection.9.2}{\376\377\000N\000h\036\255\000n\000\040\000x\000\351\000t\000\040\000v\000\340\000\040\001\020\000\341\000n\000h\000\040\000g\000i\000\341}{section.9}% 163
\BOOKMARK [2][-]{subsection.9.3}{\376\377\000H\001\260\036\333\000n\000g\000\040\000p\000h\000\341\000t\000\040\000t\000r\000i\036\303\000n}{section.9}% 164
\BOOKMARK [1][-]{section.10}{\376\377\000T\000\340\000i\000\040\000l\000i\036\307\000u\000\040\000t\000h\000a\000m\000\040\000k\000h\036\243\000o}{subsubsubsection.5.5.5.3}% 165
\BOOKMARK [1][-]{section.11}{\376\377\000P\000h\036\345\000\040\000l\036\345\000c}{subsubsubsection.5.5.5.3}% 166
